#./src/main/resources/Entities.map
#Wed May 01 16:51:52 CEST 2019
application4=247
application3=246
application2=245
application1=244
socialProfile11=227
socialProfile10=226
creditCard10=157
item1=261
educationData11=165
finder3=215
educationData10=164
finder2=214
finder1=213
miscellaniusData11=171
miscellaniusData10=170
actor9=211
actor8=207
actor7=210
actor6=209
actor5=208
actor4=206
personalData6=199
actor3=205
personalData5=194
personalData4=189
actor2=204
personalData3=184
actor1=203
personalData2=179
personalData1=159
spamWord9=274
spamWord8=273
spamWord7=272
spamWord6=271
audit2=265
spamWord5=270
audit1=264
spamWord4=269
userAccount10=147
spamWord3=268
spamWord2=267
spamWord1=266
socialProfile9=225
socialProfile8=224
socialProfile7=223
socialProfile6=222
socialProfile5=221
socialProfile4=220
actor10=212
socialProfile3=219
socialProfile2=218
socialProfile1=217
position8=235
problem8=243
position7=234
problem7=242
position6=233
problem6=241
position5=232
problem5=240
position4=231
problem4=239
position3=230
curriculum6=198
problem3=238
position2=229
curriculum5=193
problem2=237
position1=228
curriculum4=188
problem1=236
curriculum3=183
curriculum2=178
curriculum1=158
configurationParameters=216
positionData9=175
positionData8=174
positionData7=173
creditCard9=156
positionData6=202
creditCard8=155
positionData5=197
creditCard7=154
positionData4=192
creditCard6=153
positionData3=187
creditCard5=152
positionData2=182
creditCard4=151
positionData1=172
creditCard3=150
creditCard2=149
creditCard1=148
message12=260
educationData9=163
message11=258
educationData8=162
message10=256
educationData7=161
educationData6=200
educationData5=195
educationData4=190
educationData3=185
educationData2=180
educationData1=160
message9=254
message8=252
message7=250
message6=259
message5=257
message4=255
message3=253
message2=251
message1=249
positionData11=177
positionData10=176
miscellaniusData9=169
miscellaniusData8=168
miscellaniusData7=167
miscellaniusData6=201
miscellaniusData5=196
miscellaniusData4=191
miscellaniusData3=186
miscellaniusData2=181
sponsorship2=263
miscellaniusData1=166
sponsorship1=262
userAccount9=146
userAccount8=145
userAccount7=144
userAccount6=143
userAccount5=142
userAccount4=141
userAccount3=140
userAccount2=139
userAccount1=138
application5=248
